// Jest Snapshot v1, https://goo.gl/fbAQLP

exports[`select coalesce should not convert to not null when passing another nullable value (type) should match snapshot 1`] = `"Argument of type 'Column<DefaultDbConfig, \\"value\\", \\"foo\\", \\"Int4\\", false, false, undefined>' is not assignable to parameter of type 'number | NumberExpression<DefaultDbConfig, number, boolean, any>'."`;

exports[`select float8 + int8 = float8 (type) should match snapshot 1`] = `"NumberExpression<DefaultDbConfig, \\"Float8\\", false, \\"?column?\\">"`;

exports[`select int4 + int4 = int4 (type) should match snapshot 1`] = `"NumberExpression<DefaultDbConfig, \\"Int4\\", false, \\"?column?\\">"`;

exports[`select int8 + int4 = int8 (type) should match snapshot 1`] = `"NumberExpression<DefaultDbConfig, \\"Int8\\", false, \\"?column?\\">"`;

exports[`select should convert not convert null value to not null using null in coalesce (type) should match snapshot 1`] = `"Argument of type 'Column<DefaultDbConfig, \\"value\\", \\"foo\\", \\"Int4\\", false, false, undefined>' is not assignable to parameter of type 'number | NumberExpression<DefaultDbConfig, number, boolean, any>'."`;

exports[`select should convert null value to not null using coalesce (type) should match snapshot 1`] = `
"Argument of type 'Column<DefaultDbConfig, \\"value\\", \\"foo\\", \\"Int4\\", false, false, undefined>' is not assignable to parameter of type 'number | NumberExpression<DefaultDbConfig, number, boolean, any>'.
  Type 'Column<DefaultDbConfig, \\"value\\", \\"foo\\", \\"Int4\\", false, false, undefined>' is not assignable to type 'NumberExpression<DefaultDbConfig, number, boolean, any>'.
    The types of 'plus(...).as(...).isDistinctFrom' are incompatible between these types.
      Type '(a: \\"Int4\\") => BooleanExpression<DefaultDbConfig, false, true, \\"?column?\\"> | BooleanExpression<DefaultDbConfig, true, true, \\"?column?\\">' is not assignable to type '(a: number) => BooleanExpression<DefaultDbConfig, false, true, \\"?column?\\"> | BooleanExpression<DefaultDbConfig, true, true, \\"?column?\\">'.
        Types of parameters 'a' and 'a' are incompatible.
          Type 'number' is not assignable to type '\\"Int4\\"'."
`;

exports[`select should return correct result in then (type) should match snapshot 1`] = `"{ id: string; }[]"`;

exports[`select should return null and not null properties (type) should match snapshot 1`] = `"{ id: GetDataType<Uuid<TableDefinition<{ id: ColumnDefinition<Uuid<unknown>, true, true, true>; createDate: ColumnDefinition<\\"Date\\", true, true, false>; name: ColumnDefinition<\\"Text\\", true, false, false>; value: ColumnDefinition<\\"Int4\\", false, false, false>; }>>, true>; createDate: GetDataType<\\"Date\\", true>; value: GetDataType<\\"Int4\\", false>; }"`;

exports[`select should return nullable properties of all sides because of full join (type) should match snapshot 1`] = `"{ value: GetDataType<\\"Int4\\", false>; name: GetDataType<\\"Text\\", false>; startDate: GetDataType<\\"Date\\", false>; }"`;

exports[`select should return nullable properties of left joined columns (type) should match snapshot 1`] = `"{ id: GetDataType<Uuid<TableDefinition<{ id: ColumnDefinition<Uuid<unknown>, true, true, true>; createDate: ColumnDefinition<\\"Date\\", true, true, false>; name: ColumnDefinition<\\"Text\\", true, false, false>; value: ColumnDefinition<\\"Int4\\", false, false, false>; }>>, true>; endDate: GetDataType<\\"Date\\", false>; value: GetDataType<\\"Int4\\", false>; }"`;

exports[`select should return nullable properties of left side properties when right joining (type) should match snapshot 1`] = `"{ value: GetDataType<\\"Int4\\", false>; name: GetDataType<\\"Text\\", false>; startDate: GetDataType<\\"Date\\", true>; }"`;

exports[`select should return nullable text when calling concat on nullable column (type) should match snapshot 1`] = `"TextExpression<DefaultDbConfig, \\"Text\\", false, \\"?column?\\">"`;

exports[`select should return nullable text when calling concat with nullable input (type) should match snapshot 1`] = `"TextExpression<DefaultDbConfig, \\"Text\\", false, \\"?column?\\">"`;

exports[`select should return previous return value in then (type) should match snapshot 1`] = `"number"`;

exports[`select should return renamed properties because of alias (type) should match snapshot 1`] = `"{ fooName: GetDataType<\\"Text\\", true>; fooValue: GetDataType<\\"Int4\\", false>; }"`;

exports[`select should select * and return nullable properties of left side properties when right joining (type) should match snapshot 1`] = `"{ id: GetDataType<Uuid<TableDefinition<{ id: ColumnDefinition<Uuid<unknown>, true, true, true>; createDate: ColumnDefinition<\\"Date\\", true, true, false>; name: ColumnDefinition<\\"Text\\", true, false, false>; value: ColumnDefinition<\\"Int4\\", false, false, false>; }>>, true>; createDate: GetDataType<\\"Date\\", false>; name: GetDataType<\\"Text\\", false>; value: GetDataType<\\"Int4\\", false>; startDate: GetDataType<\\"Date\\", true>; endDate: GetDataType<\\"Date\\", true>; fooId: GetDataType<Uuid<TableDefinition<{ id: ColumnDefinition<Uuid<unknown>, true, true, true>; createDate: ColumnDefinition<\\"Date\\", true, true, false>; name: ColumnDefinition<\\"Text\\", true, false, false>; value: ColumnDefinition<\\"Int4\\", false, false, false>; }>>, false>; }"`;

exports[`select should select * from foo (type) should match snapshot 1`] = `"{ id: GetDataType<Uuid<TableDefinition<{ id: ColumnDefinition<Uuid<unknown>, true, true, true>; createDate: ColumnDefinition<\\"Date\\", true, true, false>; name: ColumnDefinition<\\"Text\\", true, false, false>; value: ColumnDefinition<\\"Int4\\", false, false, false>; }>>, true>; createDate: GetDataType<\\"Date\\", true>; name: GetDataType<\\"Text\\", true>; value: GetDataType<\\"Int4\\", false>; }"`;

exports[`select should select * from foo left join bar (type) should match snapshot 1`] = `"{ id: GetDataType<Uuid<TableDefinition<{ id: ColumnDefinition<Uuid<unknown>, true, true, true>; createDate: ColumnDefinition<\\"Date\\", true, true, false>; name: ColumnDefinition<\\"Text\\", true, false, false>; value: ColumnDefinition<\\"Int4\\", false, false, false>; }>>, true>; createDate: GetDataType<\\"Date\\", true>; name: GetDataType<\\"Text\\", true>; value: GetDataType<\\"Int4\\", false>; startDate: GetDataType<\\"Date\\", false>; endDate: GetDataType<\\"Date\\", false>; fooId: GetDataType<Uuid<TableDefinition<{ id: ColumnDefinition<Uuid<unknown>, true, true, true>; createDate: ColumnDefinition<\\"Date\\", true, true, false>; name: ColumnDefinition<\\"Text\\", true, false, false>; value: ColumnDefinition<\\"Int4\\", false, false, false>; }>>, false>; }"`;

exports[`select should select * from foo right join bar (type) should match snapshot 1`] = `"{ id: GetDataType<Uuid<TableDefinition<{ id: ColumnDefinition<Uuid<unknown>, true, true, true>; createDate: ColumnDefinition<\\"Date\\", true, true, false>; name: ColumnDefinition<\\"Text\\", true, false, false>; value: ColumnDefinition<\\"Int4\\", false, false, false>; }>>, true>; createDate: GetDataType<\\"Date\\", false>; name: GetDataType<\\"Text\\", false>; value: GetDataType<\\"Int4\\", false>; startDate: GetDataType<\\"Date\\", true>; endDate: GetDataType<\\"Date\\", true>; fooId: GetDataType<Uuid<TableDefinition<{ id: ColumnDefinition<Uuid<unknown>, true, true, true>; createDate: ColumnDefinition<\\"Date\\", true, true, false>; name: ColumnDefinition<\\"Text\\", true, false, false>; value: ColumnDefinition<\\"Int4\\", false, false, false>; }>>, false>; }"`;

exports[`select should select aggregate subquery (type) should match snapshot 1`] = `"{ id: GetDataType<Uuid<TableDefinition<{ id: ColumnDefinition<Uuid<unknown>, true, true, true>; createDate: ColumnDefinition<\\"Date\\", true, true, false>; name: ColumnDefinition<\\"Text\\", true, false, false>; value: ColumnDefinition<\\"Int4\\", false, false, false>; }>>, true>; count: GetDataType<\\"Int8\\", false> | GetDataType<\\"Int8\\", true>; }"`;

exports[`select should select aggregate with alias (type) should match snapshot 1`] = `"{ id: GetDataType<Uuid<TableDefinition<{ id: ColumnDefinition<Uuid<unknown>, true, true, true>; createDate: ColumnDefinition<\\"Date\\", true, true, false>; name: ColumnDefinition<\\"Text\\", true, false, false>; value: ColumnDefinition<\\"Int4\\", false, false, false>; }>>, true>; total: GetDataType<\\"Float4\\", false>; } | { id: GetDataType<Uuid<TableDefinition<{ id: ColumnDefinition<Uuid<unknown>, true, true, true>; createDate: ColumnDefinition<\\"Date\\", true, true, false>; name: ColumnDefinition<\\"Text\\", true, false, false>; value: ColumnDefinition<\\"Int4\\", false, false, false>; }>>, true>; total: GetDataType<\\"Int8\\", false>; } | { id: GetDataType<Uuid<TableDefinition<{ id: ColumnDefinition<Uuid<unknown>, true, true, true>; createDate: ColumnDefinition<\\"Date\\", true, true, false>; name: ColumnDefinition<\\"Text\\", true, false, false>; value: ColumnDefinition<\\"Int4\\", false, false, false>; }>>, true>; total: GetDataType<\\"Float8\\", false>; } | { id: GetDataType<Uuid<TableDefinition<{ id: ColumnDefinition<Uuid<unknown>, true, true, true>; createDate: ColumnDefinition<\\"Date\\", true, true, false>; name: ColumnDefinition<\\"Text\\", true, false, false>; value: ColumnDefinition<\\"Int4\\", false, false, false>; }>>, true>; total: GetDataType<\\"Numeric\\", false>; }"`;

exports[`select should select and await result set (type) should match snapshot 1`] = `"{ id: string; value: number; }[]"`;

exports[`select should select array_agg (type) should match snapshot 1`] = `"{ arrayAgg: GetDataType<string[], false>; }"`;

exports[`select should select case with correct type and alias (type) should match snapshot 1`] = `"{ bar: GetDataType<\\"B\\", false> | GetDataType<\\"B\\", true>; } | { bar: GetDataType<\\"A\\", false> | GetDataType<\\"A\\", true>; } | { bar: GetDataType<\\"C\\", false> | GetDataType<\\"C\\", true>; }"`;

exports[`select should select column with default which is nullable (type) should match snapshot 1`] = `"{ value: GetDataType<\\"Int4\\", false>; }"`;

exports[`select should select expression (type) should match snapshot 1`] = `"{ \\"?column?\\": GetDataType<\\"Int4\\", false>; }"`;

exports[`select should select foo.* and ignore the rest (type) should match snapshot 1`] = `"{ id: GetDataType<Uuid<TableDefinition<{ id: ColumnDefinition<Uuid<unknown>, true, true, true>; createDate: ColumnDefinition<\\"Date\\", true, true, false>; name: ColumnDefinition<\\"Text\\", true, false, false>; value: ColumnDefinition<\\"Int4\\", false, false, false>; }>>, true>; createDate: GetDataType<\\"Date\\", true>; name: GetDataType<\\"Text\\", true>; value: GetDataType<\\"Int4\\", false>; }"`;

exports[`select should select foo.* from foo (type) should match snapshot 1`] = `"{ id: GetDataType<Uuid<TableDefinition<{ id: ColumnDefinition<Uuid<unknown>, true, true, true>; createDate: ColumnDefinition<\\"Date\\", true, true, false>; name: ColumnDefinition<\\"Text\\", true, false, false>; value: ColumnDefinition<\\"Int4\\", false, false, false>; }>>, true>; createDate: GetDataType<\\"Date\\", true>; name: GetDataType<\\"Text\\", true>; value: GetDataType<\\"Int4\\", false>; }"`;

exports[`select should select named expression (type) should match snapshot 1`] = `"{ test: GetDataType<\\"Int4\\", false>; }"`;

exports[`select should select null column in subquery (type) should match snapshot 1`] = `"{ id: GetDataType<Uuid<TableDefinition<{ id: ColumnDefinition<Uuid<unknown>, true, true, true>; createDate: ColumnDefinition<\\"Date\\", true, true, false>; name: ColumnDefinition<\\"Text\\", true, false, false>; value: ColumnDefinition<\\"Int4\\", false, false, false>; }>>, true>; value: GetDataType<\\"Int4\\", false>; }"`;

exports[`select should select raw expression (type) should match snapshot 1`] = `"{ id: GetDataType<Uuid<TableDefinition<{ id: ColumnDefinition<Uuid<unknown>, true, true, true>; createDate: ColumnDefinition<\\"Date\\", true, true, false>; name: ColumnDefinition<\\"Text\\", true, false, false>; value: ColumnDefinition<\\"Int4\\", false, false, false>; }>>, true>; test: GetDataType<number, false>; }"`;

exports[`should output all columns and the data type (type) should match snapshot 1`] = `"{ id: string; createDate: Date; name: string; value: number; }"`;
