// Jest Snapshot v1, https://goo.gl/fbAQLP

exports[`data-types should select all data types (type) should match snapshot 1`] = `"{ [x: string]: GetDataType<\\"A\\", false>; int8: GetDataType<\\"Int8\\", false>; bigint: GetDataType<\\"Int8\\", false>; bigserial: GetDataType<\\"Int8\\", false>; serial8: GetDataType<\\"Int8\\", false>; bit: GetDataType<string, false>; bitVarying: GetDataType<string, false>; varbit: GetDataType<string, false>; box: GetDataType<string, false>; bytea: GetDataType<Buffer, false>; character: GetDataType<\\"Text\\", false>; char: GetDataType<\\"Text\\", false>; characterVarying: GetDataType<\\"Text\\", false>; varchar: GetDataType<\\"Text\\", false>; circle: GetDataType<{ x: number; y: number; radius: number; }, false>; cidr: GetDataType<string, false>; caseInsensitiveText: GetDataType<\\"Text\\", false>; citext: GetDataType<\\"Text\\", false>; date: GetDataType<\\"Date\\", false>; doublePrecision: GetDataType<\\"Float8\\", false>; float8: GetDataType<\\"Float8\\", false>; inet: GetDataType<string, false>; decimal: GetDataType<\\"Numeric\\", false>; integer: GetDataType<\\"Int4\\", false>; int: GetDataType<\\"Int4\\", false>; int4: GetDataType<\\"Int4\\", false>; interval: GetDataType<unknown, false>; json: GetDataType<unknown, false>; jsonb: GetDataType<unknown, false>; line: GetDataType<string, false>; lseg: GetDataType<string, false>; macaddr: GetDataType<string, false>; macaddr8: GetDataType<string, false>; money: GetDataType<string, false>; numeric: GetDataType<\\"Numeric\\", false>; point: GetDataType<{ x: number; y: number; }, false>; path: GetDataType<string, false>; pgLsn: GetDataType<string, false>; polygon: GetDataType<string, false>; real: GetDataType<\\"Float4\\", false>; float4: GetDataType<\\"Float4\\", false>; smallint: GetDataType<\\"Int4\\", false>; int2: GetDataType<\\"Int4\\", false>; serial: GetDataType<\\"Int4\\", false>; serial4: GetDataType<\\"Int4\\", false>; smallserial: GetDataType<\\"Int4\\", false>; serial2: GetDataType<\\"Int4\\", false>; text: GetDataType<\\"Text\\", false>; time: GetDataType<string, false>; timeWithoutTimeZone: GetDataType<string, false>; timeWithTimeZone: GetDataType<string, false>; timestamp: GetDataType<\\"Date\\", false>; timestamptz: GetDataType<\\"Date\\", false>; timestampWithoutTimeZone: GetDataType<\\"Date\\", false>; timestampWithTimeZone: GetDataType<\\"Date\\", false>; tsquery: GetDataType<string, false>; tsvector: GetDataType<string, false>; txidSnapshot: GetDataType<string, false>; uuid: GetDataType<\\"Text\\", false>; xml: GetDataType<string, false>; array: GetDataType<\\"Text\\"[], false>; array2d: GetDataType<\\"Text\\"[][], false>; } | { [x: string]: GetDataType<\\"B\\", false>; int8: GetDataType<\\"Int8\\", false>; bigint: GetDataType<\\"Int8\\", false>; bigserial: GetDataType<\\"Int8\\", false>; serial8: GetDataType<\\"Int8\\", false>; bit: GetDataType<string, false>; bitVarying: GetDataType<string, false>; varbit: GetDataType<string, false>; box: GetDataType<string, false>; bytea: GetDataType<Buffer, false>; character: GetDataType<\\"Text\\", false>; char: GetDataType<\\"Text\\", false>; characterVarying: GetDataType<\\"Text\\", false>; varchar: GetDataType<\\"Text\\", false>; circle: GetDataType<{ x: number; y: number; radius: number; }, false>; cidr: GetDataType<string, false>; caseInsensitiveText: GetDataType<\\"Text\\", false>; citext: GetDataType<\\"Text\\", false>; date: GetDataType<\\"Date\\", false>; doublePrecision: GetDataType<\\"Float8\\", false>; float8: GetDataType<\\"Float8\\", false>; inet: GetDataType<string, false>; decimal: GetDataType<\\"Numeric\\", false>; integer: GetDataType<\\"Int4\\", false>; int: GetDataType<\\"Int4\\", false>; int4: GetDataType<\\"Int4\\", false>; interval: GetDataType<unknown, false>; json: GetDataType<unknown, false>; jsonb: GetDataType<unknown, false>; line: GetDataType<string, false>; lseg: GetDataType<string, false>; macaddr: GetDataType<string, false>; macaddr8: GetDataType<string, false>; money: GetDataType<string, false>; numeric: GetDataType<\\"Numeric\\", false>; point: GetDataType<{ x: number; y: number; }, false>; path: GetDataType<string, false>; pgLsn: GetDataType<string, false>; polygon: GetDataType<string, false>; real: GetDataType<\\"Float4\\", false>; float4: GetDataType<\\"Float4\\", false>; smallint: GetDataType<\\"Int4\\", false>; int2: GetDataType<\\"Int4\\", false>; serial: GetDataType<\\"Int4\\", false>; serial4: GetDataType<\\"Int4\\", false>; smallserial: GetDataType<\\"Int4\\", false>; serial2: GetDataType<\\"Int4\\", false>; text: GetDataType<\\"Text\\", false>; time: GetDataType<string, false>; timeWithoutTimeZone: GetDataType<string, false>; timeWithTimeZone: GetDataType<string, false>; timestamp: GetDataType<\\"Date\\", false>; timestamptz: GetDataType<\\"Date\\", false>; timestampWithoutTimeZone: GetDataType<\\"Date\\", false>; timestampWithTimeZone: GetDataType<\\"Date\\", false>; tsquery: GetDataType<string, false>; tsvector: GetDataType<string, false>; txidSnapshot: GetDataType<string, false>; uuid: GetDataType<\\"Text\\", false>; xml: GetDataType<string, false>; array: GetDataType<\\"Text\\"[], false>; array2d: GetDataType<\\"Text\\"[][], false>; } | { [x: string]: GetDataType<\\"C\\", false>; int8: GetDataType<\\"Int8\\", false>; bigint: GetDataType<\\"Int8\\", false>; bigserial: GetDataType<\\"Int8\\", false>; serial8: GetDataType<\\"Int8\\", false>; bit: GetDataType<string, false>; bitVarying: GetDataType<string, false>; varbit: GetDataType<string, false>; box: GetDataType<string, false>; bytea: GetDataType<Buffer, false>; character: GetDataType<\\"Text\\", false>; char: GetDataType<\\"Text\\", false>; characterVarying: GetDataType<\\"Text\\", false>; varchar: GetDataType<\\"Text\\", false>; circle: GetDataType<{ x: number; y: number; radius: number; }, false>; cidr: GetDataType<string, false>; caseInsensitiveText: GetDataType<\\"Text\\", false>; citext: GetDataType<\\"Text\\", false>; date: GetDataType<\\"Date\\", false>; doublePrecision: GetDataType<\\"Float8\\", false>; float8: GetDataType<\\"Float8\\", false>; inet: GetDataType<string, false>; decimal: GetDataType<\\"Numeric\\", false>; integer: GetDataType<\\"Int4\\", false>; int: GetDataType<\\"Int4\\", false>; int4: GetDataType<\\"Int4\\", false>; interval: GetDataType<unknown, false>; json: GetDataType<unknown, false>; jsonb: GetDataType<unknown, false>; line: GetDataType<string, false>; lseg: GetDataType<string, false>; macaddr: GetDataType<string, false>; macaddr8: GetDataType<string, false>; money: GetDataType<string, false>; numeric: GetDataType<\\"Numeric\\", false>; point: GetDataType<{ x: number; y: number; }, false>; path: GetDataType<string, false>; pgLsn: GetDataType<string, false>; polygon: GetDataType<string, false>; real: GetDataType<\\"Float4\\", false>; float4: GetDataType<\\"Float4\\", false>; smallint: GetDataType<\\"Int4\\", false>; int2: GetDataType<\\"Int4\\", false>; serial: GetDataType<\\"Int4\\", false>; serial4: GetDataType<\\"Int4\\", false>; smallserial: GetDataType<\\"Int4\\", false>; serial2: GetDataType<\\"Int4\\", false>; text: GetDataType<\\"Text\\", false>; time: GetDataType<string, false>; timeWithoutTimeZone: GetDataType<string, false>; timeWithTimeZone: GetDataType<string, false>; timestamp: GetDataType<\\"Date\\", false>; timestamptz: GetDataType<\\"Date\\", false>; timestampWithoutTimeZone: GetDataType<\\"Date\\", false>; timestampWithTimeZone: GetDataType<\\"Date\\", false>; tsquery: GetDataType<string, false>; tsvector: GetDataType<string, false>; txidSnapshot: GetDataType<string, false>; uuid: GetDataType<\\"Text\\", false>; xml: GetDataType<string, false>; array: GetDataType<\\"Text\\"[], false>; array2d: GetDataType<\\"Text\\"[][], false>; } | { [x: string]: GetDataType<\\"A\\", false>; int8: GetDataType<\\"Int8\\", false>; bigint: GetDataType<\\"Int8\\", false>; bigserial: GetDataType<\\"Int8\\", false>; serial8: GetDataType<\\"Int8\\", false>; bit: GetDataType<string, false>; bitVarying: GetDataType<string, false>; varbit: GetDataType<string, false>; box: GetDataType<string, false>; bytea: GetDataType<Buffer, false>; character: GetDataType<\\"Text\\", false>; char: GetDataType<\\"Text\\", false>; characterVarying: GetDataType<\\"Text\\", false>; varchar: GetDataType<\\"Text\\", false>; circle: GetDataType<{ x: number; y: number; radius: number; }, false>; cidr: GetDataType<string, false>; caseInsensitiveText: GetDataType<\\"Text\\", false>; citext: GetDataType<\\"Text\\", false>; date: GetDataType<\\"Date\\", false>; doublePrecision: GetDataType<\\"Float8\\", false>; float8: GetDataType<\\"Float8\\", false>; inet: GetDataType<string, false>; decimal: GetDataType<\\"Numeric\\", false>; integer: GetDataType<\\"Int4\\", false>; int: GetDataType<\\"Int4\\", false>; int4: GetDataType<\\"Int4\\", false>; interval: GetDataType<unknown, false>; json: GetDataType<unknown, false>; jsonb: GetDataType<unknown, false>; line: GetDataType<string, false>; lseg: GetDataType<string, false>; macaddr: GetDataType<string, false>; macaddr8: GetDataType<string, false>; money: GetDataType<string, false>; numeric: GetDataType<\\"Numeric\\", false>; point: GetDataType<{ x: number; y: number; }, false>; path: GetDataType<string, false>; pgLsn: GetDataType<string, false>; polygon: GetDataType<string, false>; real: GetDataType<\\"Float4\\", false>; float4: GetDataType<\\"Float4\\", false>; smallint: GetDataType<\\"Int4\\", false>; int2: GetDataType<\\"Int4\\", false>; serial: GetDataType<\\"Int4\\", false>; serial4: GetDataType<\\"Int4\\", false>; smallserial: GetDataType<\\"Int4\\", false>; serial2: GetDataType<\\"Int4\\", false>; text: GetDataType<\\"Text\\", false>; time: GetDataType<string, false>; timeWithoutTimeZone: GetDataType<string, false>; timeWithTimeZone: GetDataType<string, false>; timestamp: GetDataType<\\"Date\\", false>; timestamptz: GetDataType<\\"Date\\", false>; timestampWithoutTimeZone: GetDataType<\\"Date\\", false>; timestampWithTimeZone: GetDataType<\\"Date\\", false>; tsquery: GetDataType<string, false>; tsvector: GetDataType<string, false>; txidSnapshot: GetDataType<string, false>; uuid: GetDataType<\\"Text\\", false>; xml: GetDataType<string, false>; array: GetDataType<\\"Text\\"[], false>; array2d: GetDataType<\\"Text\\"[][], false>; } | { [x: string]: GetDataType<\\"B\\", false>; int8: GetDataType<\\"Int8\\", false>; bigint: GetDataType<\\"Int8\\", false>; bigserial: GetDataType<\\"Int8\\", false>; serial8: GetDataType<\\"Int8\\", false>; bit: GetDataType<string, false>; bitVarying: GetDataType<string, false>; varbit: GetDataType<string, false>; box: GetDataType<string, false>; bytea: GetDataType<Buffer, false>; character: GetDataType<\\"Text\\", false>; char: GetDataType<\\"Text\\", false>; characterVarying: GetDataType<\\"Text\\", false>; varchar: GetDataType<\\"Text\\", false>; circle: GetDataType<{ x: number; y: number; radius: number; }, false>; cidr: GetDataType<string, false>; caseInsensitiveText: GetDataType<\\"Text\\", false>; citext: GetDataType<\\"Text\\", false>; date: GetDataType<\\"Date\\", false>; doublePrecision: GetDataType<\\"Float8\\", false>; float8: GetDataType<\\"Float8\\", false>; inet: GetDataType<string, false>; decimal: GetDataType<\\"Numeric\\", false>; integer: GetDataType<\\"Int4\\", false>; int: GetDataType<\\"Int4\\", false>; int4: GetDataType<\\"Int4\\", false>; interval: GetDataType<unknown, false>; json: GetDataType<unknown, false>; jsonb: GetDataType<unknown, false>; line: GetDataType<string, false>; lseg: GetDataType<string, false>; macaddr: GetDataType<string, false>; macaddr8: GetDataType<string, false>; money: GetDataType<string, false>; numeric: GetDataType<\\"Numeric\\", false>; point: GetDataType<{ x: number; y: number; }, false>; path: GetDataType<string, false>; pgLsn: GetDataType<string, false>; polygon: GetDataType<string, false>; real: GetDataType<\\"Float4\\", false>; float4: GetDataType<\\"Float4\\", false>; smallint: GetDataType<\\"Int4\\", false>; int2: GetDataType<\\"Int4\\", false>; serial: GetDataType<\\"Int4\\", false>; serial4: GetDataType<\\"Int4\\", false>; smallserial: GetDataType<\\"Int4\\", false>; serial2: GetDataType<\\"Int4\\", false>; text: GetDataType<\\"Text\\", false>; time: GetDataType<string, false>; timeWithoutTimeZone: GetDataType<string, false>; timeWithTimeZone: GetDataType<string, false>; timestamp: GetDataType<\\"Date\\", false>; timestamptz: GetDataType<\\"Date\\", false>; timestampWithoutTimeZone: GetDataType<\\"Date\\", false>; timestampWithTimeZone: GetDataType<\\"Date\\", false>; tsquery: GetDataType<string, false>; tsvector: GetDataType<string, false>; txidSnapshot: GetDataType<string, false>; uuid: GetDataType<\\"Text\\", false>; xml: GetDataType<string, false>; array: GetDataType<\\"Text\\"[], false>; array2d: GetDataType<\\"Text\\"[][], false>; } | { [x: string]: GetDataType<\\"C\\", false>; int8: GetDataType<\\"Int8\\", false>; bigint: GetDataType<\\"Int8\\", false>; bigserial: GetDataType<\\"Int8\\", false>; serial8: GetDataType<\\"Int8\\", false>; bit: GetDataType<string, false>; bitVarying: GetDataType<string, false>; varbit: GetDataType<string, false>; box: GetDataType<string, false>; bytea: GetDataType<Buffer, false>; character: GetDataType<\\"Text\\", false>; char: GetDataType<\\"Text\\", false>; characterVarying: GetDataType<\\"Text\\", false>; varchar: GetDataType<\\"Text\\", false>; circle: GetDataType<{ x: number; y: number; radius: number; }, false>; cidr: GetDataType<string, false>; caseInsensitiveText: GetDataType<\\"Text\\", false>; citext: GetDataType<\\"Text\\", false>; date: GetDataType<\\"Date\\", false>; doublePrecision: GetDataType<\\"Float8\\", false>; float8: GetDataType<\\"Float8\\", false>; inet: GetDataType<string, false>; decimal: GetDataType<\\"Numeric\\", false>; integer: GetDataType<\\"Int4\\", false>; int: GetDataType<\\"Int4\\", false>; int4: GetDataType<\\"Int4\\", false>; interval: GetDataType<unknown, false>; json: GetDataType<unknown, false>; jsonb: GetDataType<unknown, false>; line: GetDataType<string, false>; lseg: GetDataType<string, false>; macaddr: GetDataType<string, false>; macaddr8: GetDataType<string, false>; money: GetDataType<string, false>; numeric: GetDataType<\\"Numeric\\", false>; point: GetDataType<{ x: number; y: number; }, false>; path: GetDataType<string, false>; pgLsn: GetDataType<string, false>; polygon: GetDataType<string, false>; real: GetDataType<\\"Float4\\", false>; float4: GetDataType<\\"Float4\\", false>; smallint: GetDataType<\\"Int4\\", false>; int2: GetDataType<\\"Int4\\", false>; serial: GetDataType<\\"Int4\\", false>; serial4: GetDataType<\\"Int4\\", false>; smallserial: GetDataType<\\"Int4\\", false>; serial2: GetDataType<\\"Int4\\", false>; text: GetDataType<\\"Text\\", false>; time: GetDataType<string, false>; timeWithoutTimeZone: GetDataType<string, false>; timeWithTimeZone: GetDataType<string, false>; timestamp: GetDataType<\\"Date\\", false>; timestamptz: GetDataType<\\"Date\\", false>; timestampWithoutTimeZone: GetDataType<\\"Date\\", false>; timestampWithTimeZone: GetDataType<\\"Date\\", false>; tsquery: GetDataType<string, false>; tsvector: GetDataType<string, false>; txidSnapshot: GetDataType<string, false>; uuid: GetDataType<\\"Text\\", false>; xml: GetDataType<string, false>; array: GetDataType<\\"Text\\"[], false>; array2d: GetDataType<\\"Text\\"[][], false>; } | { [x: string]: GetDataType<\\"A\\", false>; int8: GetDataType<\\"Int8\\", false>; bigint: GetDataType<\\"Int8\\", false>; bigserial: GetDataType<\\"Int8\\", false>; serial8: GetDataType<\\"Int8\\", false>; bit: GetDataType<string, false>; bitVarying: GetDataType<string, false>; varbit: GetDataType<string, false>; box: GetDataType<string, false>; bytea: GetDataType<Buffer, false>; character: GetDataType<\\"Text\\", false>; char: GetDataType<\\"Text\\", false>; characterVarying: GetDataType<\\"Text\\", false>; varchar: GetDataType<\\"Text\\", false>; circle: GetDataType<{ x: number; y: number; radius: number; }, false>; cidr: GetDataType<string, false>; caseInsensitiveText: GetDataType<\\"Text\\", false>; citext: GetDataType<\\"Text\\", false>; date: GetDataType<\\"Date\\", false>; doublePrecision: GetDataType<\\"Float8\\", false>; float8: GetDataType<\\"Float8\\", false>; inet: GetDataType<string, false>; decimal: GetDataType<\\"Numeric\\", false>; integer: GetDataType<\\"Int4\\", false>; int: GetDataType<\\"Int4\\", false>; int4: GetDataType<\\"Int4\\", false>; interval: GetDataType<unknown, false>; json: GetDataType<unknown, false>; jsonb: GetDataType<unknown, false>; line: GetDataType<string, false>; lseg: GetDataType<string, false>; macaddr: GetDataType<string, false>; macaddr8: GetDataType<string, false>; money: GetDataType<string, false>; numeric: GetDataType<\\"Numeric\\", false>; point: GetDataType<{ x: number; y: number; }, false>; path: GetDataType<string, false>; pgLsn: GetDataType<string, false>; polygon: GetDataType<string, false>; real: GetDataType<\\"Float4\\", false>; float4: GetDataType<\\"Float4\\", false>; smallint: GetDataType<\\"Int4\\", false>; int2: GetDataType<\\"Int4\\", false>; serial: GetDataType<\\"Int4\\", false>; serial4: GetDataType<\\"Int4\\", false>; smallserial: GetDataType<\\"Int4\\", false>; serial2: GetDataType<\\"Int4\\", false>; text: GetDataType<\\"Text\\", false>; time: GetDataType<string, false>; timeWithoutTimeZone: GetDataType<string, false>; timeWithTimeZone: GetDataType<string, false>; timestamp: GetDataType<\\"Date\\", false>; timestamptz: GetDataType<\\"Date\\", false>; timestampWithoutTimeZone: GetDataType<\\"Date\\", false>; timestampWithTimeZone: GetDataType<\\"Date\\", false>; tsquery: GetDataType<string, false>; tsvector: GetDataType<string, false>; txidSnapshot: GetDataType<string, false>; uuid: GetDataType<\\"Text\\", false>; xml: GetDataType<string, false>; array: GetDataType<\\"Text\\"[], false>; array2d: GetDataType<\\"Text\\"[][], false>; } | { [x: string]: GetDataType<\\"B\\", false>; int8: GetDataType<\\"Int8\\", false>; bigint: GetDataType<\\"Int8\\", false>; bigserial: GetDataType<\\"Int8\\", false>; serial8: GetDataType<\\"Int8\\", false>; bit: GetDataType<string, false>; bitVarying: GetDataType<string, false>; varbit: GetDataType<string, false>; box: GetDataType<string, false>; bytea: GetDataType<Buffer, false>; character: GetDataType<\\"Text\\", false>; char: GetDataType<\\"Text\\", false>; characterVarying: GetDataType<\\"Text\\", false>; varchar: GetDataType<\\"Text\\", false>; circle: GetDataType<{ x: number; y: number; radius: number; }, false>; cidr: GetDataType<string, false>; caseInsensitiveText: GetDataType<\\"Text\\", false>; citext: GetDataType<\\"Text\\", false>; date: GetDataType<\\"Date\\", false>; doublePrecision: GetDataType<\\"Float8\\", false>; float8: GetDataType<\\"Float8\\", false>; inet: GetDataType<string, false>; decimal: GetDataType<\\"Numeric\\", false>; integer: GetDataType<\\"Int4\\", false>; int: GetDataType<\\"Int4\\", false>; int4: GetDataType<\\"Int4\\", false>; interval: GetDataType<unknown, false>; json: GetDataType<unknown, false>; jsonb: GetDataType<unknown, false>; line: GetDataType<string, false>; lseg: GetDataType<string, false>; macaddr: GetDataType<string, false>; macaddr8: GetDataType<string, false>; money: GetDataType<string, false>; numeric: GetDataType<\\"Numeric\\", false>; point: GetDataType<{ x: number; y: number; }, false>; path: GetDataType<string, false>; pgLsn: GetDataType<string, false>; polygon: GetDataType<string, false>; real: GetDataType<\\"Float4\\", false>; float4: GetDataType<\\"Float4\\", false>; smallint: GetDataType<\\"Int4\\", false>; int2: GetDataType<\\"Int4\\", false>; serial: GetDataType<\\"Int4\\", false>; serial4: GetDataType<\\"Int4\\", false>; smallserial: GetDataType<\\"Int4\\", false>; serial2: GetDataType<\\"Int4\\", false>; text: GetDataType<\\"Text\\", false>; time: GetDataType<string, false>; timeWithoutTimeZone: GetDataType<string, false>; timeWithTimeZone: GetDataType<string, false>; timestamp: GetDataType<\\"Date\\", false>; timestamptz: GetDataType<\\"Date\\", false>; timestampWithoutTimeZone: GetDataType<\\"Date\\", false>; timestampWithTimeZone: GetDataType<\\"Date\\", false>; tsquery: GetDataType<string, false>; tsvector: GetDataType<string, false>; txidSnapshot: GetDataType<string, false>; uuid: GetDataType<\\"Text\\", false>; xml: GetDataType<string, false>; array: GetDataType<\\"Text\\"[], false>; array2d: GetDataType<\\"Text\\"[][], false>; } | { [x: string]: GetDataType<\\"C\\", false>; int8: GetDataType<\\"Int8\\", false>; bigint: GetDataType<\\"Int8\\", false>; bigserial: GetDataType<\\"Int8\\", false>; serial8: GetDataType<\\"Int8\\", false>; bit: GetDataType<string, false>; bitVarying: GetDataType<string, false>; varbit: GetDataType<string, false>; box: GetDataType<string, false>; bytea: GetDataType<Buffer, false>; character: GetDataType<\\"Text\\", false>; char: GetDataType<\\"Text\\", false>; characterVarying: GetDataType<\\"Text\\", false>; varchar: GetDataType<\\"Text\\", false>; circle: GetDataType<{ x: number; y: number; radius: number; }, false>; cidr: GetDataType<string, false>; caseInsensitiveText: GetDataType<\\"Text\\", false>; citext: GetDataType<\\"Text\\", false>; date: GetDataType<\\"Date\\", false>; doublePrecision: GetDataType<\\"Float8\\", false>; float8: GetDataType<\\"Float8\\", false>; inet: GetDataType<string, false>; decimal: GetDataType<\\"Numeric\\", false>; integer: GetDataType<\\"Int4\\", false>; int: GetDataType<\\"Int4\\", false>; int4: GetDataType<\\"Int4\\", false>; interval: GetDataType<unknown, false>; json: GetDataType<unknown, false>; jsonb: GetDataType<unknown, false>; line: GetDataType<string, false>; lseg: GetDataType<string, false>; macaddr: GetDataType<string, false>; macaddr8: GetDataType<string, false>; money: GetDataType<string, false>; numeric: GetDataType<\\"Numeric\\", false>; point: GetDataType<{ x: number; y: number; }, false>; path: GetDataType<string, false>; pgLsn: GetDataType<string, false>; polygon: GetDataType<string, false>; real: GetDataType<\\"Float4\\", false>; float4: GetDataType<\\"Float4\\", false>; smallint: GetDataType<\\"Int4\\", false>; int2: GetDataType<\\"Int4\\", false>; serial: GetDataType<\\"Int4\\", false>; serial4: GetDataType<\\"Int4\\", false>; smallserial: GetDataType<\\"Int4\\", false>; serial2: GetDataType<\\"Int4\\", false>; text: GetDataType<\\"Text\\", false>; time: GetDataType<string, false>; timeWithoutTimeZone: GetDataType<string, false>; timeWithTimeZone: GetDataType<string, false>; timestamp: GetDataType<\\"Date\\", false>; timestamptz: GetDataType<\\"Date\\", false>; timestampWithoutTimeZone: GetDataType<\\"Date\\", false>; timestampWithTimeZone: GetDataType<\\"Date\\", false>; tsquery: GetDataType<string, false>; tsvector: GetDataType<string, false>; txidSnapshot: GetDataType<string, false>; uuid: GetDataType<\\"Text\\", false>; xml: GetDataType<string, false>; array: GetDataType<\\"Text\\"[], false>; array2d: GetDataType<\\"Text\\"[][], false>; } | { [x: string]: GetDataType<\\"A\\", false>; int8: GetDataType<\\"Int8\\", false>; bigint: GetDataType<\\"Int8\\", false>; bigserial: GetDataType<\\"Int8\\", false>; serial8: GetDataType<\\"Int8\\", false>; bit: GetDataType<string, false>; bitVarying: GetDataType<string, false>; varbit: GetDataType<string, false>; box: GetDataType<string, false>; bytea: GetDataType<Buffer, false>; character: GetDataType<\\"Text\\", false>; char: GetDataType<\\"Text\\", false>; characterVarying: GetDataType<\\"Text\\", false>; varchar: GetDataType<\\"Text\\", false>; circle: GetDataType<{ x: number; y: number; radius: number; }, false>; cidr: GetDataType<string, false>; caseInsensitiveText: GetDataType<\\"Text\\", false>; citext: GetDataType<\\"Text\\", false>; date: GetDataType<\\"Date\\", false>; doublePrecision: GetDataType<\\"Float8\\", false>; float8: GetDataType<\\"Float8\\", false>; inet: GetDataType<string, false>; decimal: GetDataType<\\"Numeric\\", false>; integer: GetDataType<\\"Int4\\", false>; int: GetDataType<\\"Int4\\", false>; int4: GetDataType<\\"Int4\\", false>; interval: GetDataType<unknown, false>; json: GetDataType<unknown, false>; jsonb: GetDataType<unknown, false>; line: GetDataType<string, false>; lseg: GetDataType<string, false>; macaddr: GetDataType<string, false>; macaddr8: GetDataType<string, false>; money: GetDataType<string, false>; numeric: GetDataType<\\"Numeric\\", false>; point: GetDataType<{ x: number; y: number; }, false>; path: GetDataType<string, false>; pgLsn: GetDataType<string, false>; polygon: GetDataType<string, false>; real: GetDataType<\\"Float4\\", false>; float4: GetDataType<\\"Float4\\", false>; smallint: GetDataType<\\"Int4\\", false>; int2: GetDataType<\\"Int4\\", false>; serial: GetDataType<\\"Int4\\", false>; serial4: GetDataType<\\"Int4\\", false>; smallserial: GetDataType<\\"Int4\\", false>; serial2: GetDataType<\\"Int4\\", false>; text: GetDataType<\\"Text\\", false>; time: GetDataType<string, false>; timeWithoutTimeZone: GetDataType<string, false>; timeWithTimeZone: GetDataType<string, false>; timestamp: GetDataType<\\"Date\\", false>; timestamptz: GetDataType<\\"Date\\", false>; timestampWithoutTimeZone: GetDataType<\\"Date\\", false>; timestampWithTimeZone: GetDataType<\\"Date\\", false>; tsquery: GetDataType<string, false>; tsvector: GetDataType<string, false>; txidSnapshot: GetDataType<string, false>; uuid: GetDataType<\\"Text\\", false>; xml: GetDataType<string, false>; array: GetDataType<\\"Text\\"[], false>; array2d: GetDataType<\\"Text\\"[][], false>; } | { [x: string]: GetDataType<\\"B\\", false>; int8: GetDataType<\\"Int8\\", false>; bigint: GetDataType<\\"Int8\\", false>; bigserial: GetDataType<\\"Int8\\", false>; serial8: GetDataType<\\"Int8\\", false>; bit: GetDataType<string, false>; bitVarying: GetDataType<string, false>; varbit: GetDataType<string, false>; box: GetDataType<string, false>; bytea: GetDataType<Buffer, false>; character: GetDataType<\\"Text\\", false>; char: GetDataType<\\"Text\\", false>; characterVarying: GetDataType<\\"Text\\", false>; varchar: GetDataType<\\"Text\\", false>; circle: GetDataType<{ x: number; y: number; radius: number; }, false>; cidr: GetDataType<string, false>; caseInsensitiveText: GetDataType<\\"Text\\", false>; citext: GetDataType<\\"Text\\", false>; date: GetDataType<\\"Date\\", false>; doublePrecision: GetDataType<\\"Float8\\", false>; float8: GetDataType<\\"Float8\\", false>; inet: GetDataType<string, false>; decimal: GetDataType<\\"Numeric\\", false>; integer: GetDataType<\\"Int4\\", false>; int: GetDataType<\\"Int4\\", false>; int4: GetDataType<\\"Int4\\", false>; interval: GetDataType<unknown, false>; json: GetDataType<unknown, false>; jsonb: GetDataType<unknown, false>; line: GetDataType<string, false>; lseg: GetDataType<string, false>; macaddr: GetDataType<string, false>; macaddr8: GetDataType<string, false>; money: GetDataType<string, false>; numeric: GetDataType<\\"Numeric\\", false>; point: GetDataType<{ x: number; y: number; }, false>; path: GetDataType<string, false>; pgLsn: GetDataType<string, false>; polygon: GetDataType<string, false>; real: GetDataType<\\"Float4\\", false>; float4: GetDataType<\\"Float4\\", false>; smallint: GetDataType<\\"Int4\\", false>; int2: GetDataType<\\"Int4\\", false>; serial: GetDataType<\\"Int4\\", false>; serial4: GetDataType<\\"Int4\\", false>; smallserial: GetDataType<\\"Int4\\", false>; serial2: GetDataType<\\"Int4\\", false>; text: GetDataType<\\"Text\\", false>; time: GetDataType<string, false>; timeWithoutTimeZone: GetDataType<string, false>; timeWithTimeZone: GetDataType<string, false>; timestamp: GetDataType<\\"Date\\", false>; timestamptz: GetDataType<\\"Date\\", false>; timestampWithoutTimeZone: GetDataType<\\"Date\\", false>; timestampWithTimeZone: GetDataType<\\"Date\\", false>; tsquery: GetDataType<string, false>; tsvector: GetDataType<string, false>; txidSnapshot: GetDataType<string, false>; uuid: GetDataType<\\"Text\\", false>; xml: GetDataType<string, false>; array: GetDataType<\\"Text\\"[], false>; array2d: GetDataType<\\"Text\\"[][], false>; } | { [x: string]: GetDataType<\\"C\\", false>; int8: GetDataType<\\"Int8\\", false>; bigint: GetDataType<\\"Int8\\", false>; bigserial: GetDataType<\\"Int8\\", false>; serial8: GetDataType<\\"Int8\\", false>; bit: GetDataType<string, false>; bitVarying: GetDataType<string, false>; varbit: GetDataType<string, false>; box: GetDataType<string, false>; bytea: GetDataType<Buffer, false>; character: GetDataType<\\"Text\\", false>; char: GetDataType<\\"Text\\", false>; characterVarying: GetDataType<\\"Text\\", false>; varchar: GetDataType<\\"Text\\", false>; circle: GetDataType<{ x: number; y: number; radius: number; }, false>; cidr: GetDataType<string, false>; caseInsensitiveText: GetDataType<\\"Text\\", false>; citext: GetDataType<\\"Text\\", false>; date: GetDataType<\\"Date\\", false>; doublePrecision: GetDataType<\\"Float8\\", false>; float8: GetDataType<\\"Float8\\", false>; inet: GetDataType<string, false>; decimal: GetDataType<\\"Numeric\\", false>; integer: GetDataType<\\"Int4\\", false>; int: GetDataType<\\"Int4\\", false>; int4: GetDataType<\\"Int4\\", false>; interval: GetDataType<unknown, false>; json: GetDataType<unknown, false>; jsonb: GetDataType<unknown, false>; line: GetDataType<string, false>; lseg: GetDataType<string, false>; macaddr: GetDataType<string, false>; macaddr8: GetDataType<string, false>; money: GetDataType<string, false>; numeric: GetDataType<\\"Numeric\\", false>; point: GetDataType<{ x: number; y: number; }, false>; path: GetDataType<string, false>; pgLsn: GetDataType<string, false>; polygon: GetDataType<string, false>; real: GetDataType<\\"Float4\\", false>; float4: GetDataType<\\"Float4\\", false>; smallint: GetDataType<\\"Int4\\", false>; int2: GetDataType<\\"Int4\\", false>; serial: GetDataType<\\"Int4\\", false>; serial4: GetDataType<\\"Int4\\", false>; smallserial: GetDataType<\\"Int4\\", false>; serial2: GetDataType<\\"Int4\\", false>; text: GetDataType<\\"Text\\", false>; time: GetDataType<string, false>; timeWithoutTimeZone: GetDataType<string, false>; timeWithTimeZone: GetDataType<string, false>; timestamp: GetDataType<\\"Date\\", false>; timestamptz: GetDataType<\\"Date\\", false>; timestampWithoutTimeZone: GetDataType<\\"Date\\", false>; timestampWithTimeZone: GetDataType<\\"Date\\", false>; tsquery: GetDataType<string, false>; tsvector: GetDataType<string, false>; txidSnapshot: GetDataType<string, false>; uuid: GetDataType<\\"Text\\", false>; xml: GetDataType<string, false>; array: GetDataType<\\"Text\\"[], false>; array2d: GetDataType<\\"Text\\"[][], false>; }"`;
